2026-03-16 16:11:03.598 | INFO     | __main__:test_interactive_trade:18 - ?? ?? Telegram 鈭?皜祈岫 (??撖拇璅∪?)...
Task exception was never retrieved
future: <Task finished name='Task-2' coro=<TelegramNotifier._setup_async() done, defined at D:\Docker_Site\poly-autobet\notifications\telegram_bot.py:32> exception=ModuleNotFoundError("No module named 'telegram'")>
Traceback (most recent call last):
  File "D:\Docker_Site\poly-autobet\notifications\telegram_bot.py", line 38, in _setup_async
    from telegram import Bot
ModuleNotFoundError: No module named 'telegram'
2026-03-16 16:11:06.607 | INFO     | __main__:test_interactive_trade:43 - ? 甇??潮???閮??Telegram...
2026-03-16 16:11:06.607 | INFO     | notifications.telegram_bot:notify_opportunity_with_buttons:133 - ??Waiting for Telegram Bot to initialize (buttons)...
2026-03-16 16:11:07.617 | INFO     | notifications.telegram_bot:notify_opportunity_with_buttons:133 - ??Waiting for Telegram Bot to initialize (buttons)...
2026-03-16 16:11:08.630 | INFO     | notifications.telegram_bot:notify_opportunity_with_buttons:133 - ??Waiting for Telegram Bot to initialize (buttons)...
2026-03-16 16:11:09.641 | INFO     | notifications.telegram_bot:notify_opportunity_with_buttons:133 - ??Waiting for Telegram Bot to initialize (buttons)...
2026-03-16 16:11:10.650 | INFO     | notifications.telegram_bot:notify_opportunity_with_buttons:133 - ??Waiting for Telegram Bot to initialize (buttons)...
2026-03-16 16:11:11.656 | INFO     | notifications.telegram_bot:notify_opportunity_with_buttons:133 - ??Waiting for Telegram Bot to initialize (buttons)...
2026-03-16 16:11:12.663 | INFO     | notifications.telegram_bot:notify_opportunity_with_buttons:133 - ??Waiting for Telegram Bot to initialize (buttons)...
2026-03-16 16:11:13.672 | INFO     | notifications.telegram_bot:notify_opportunity_with_buttons:133 - ??Waiting for Telegram Bot to initialize (buttons)...
2026-03-16 16:11:14.678 | INFO     | notifications.telegram_bot:notify_opportunity_with_buttons:133 - ??Waiting for Telegram Bot to initialize (buttons)...
2026-03-16 16:11:15.685 | INFO     | notifications.telegram_bot:notify_opportunity_with_buttons:133 - ??Waiting for Telegram Bot to initialize (buttons)...
2026-03-16 16:11:16.697 | ERROR    | notifications.telegram_bot:notify_opportunity_with_buttons:138 - ??Telegram Bot not initialized for buttons
2026-03-16 16:11:16.697 | ERROR    | __main__:test_interactive_trade:52 - ??閮?潮仃??隢炎??.env 銝剔? TELEGRAM_BOT_TOKEN ??CHAT_ID??
